                      ██╗      █████╗ ███████╗██╗   ██╗██╗   ██╗██╗███╗   ███╗          Z
                      ██║     ██╔══██╗╚══███╔╝╚██╗ ██╔╝██║   ██║██║████╗ ████║      Z
                      ██║     ███████║  ███╔╝  ╚████╔╝ ██║   ██║██║██╔████╔██║   z
                      ██║     ██╔══██║ ███╔╝    ╚██╔╝  ╚██╗ ██╔╝██║██║╚██╔╝██║ z
                      ███████╗██║  ██║███████╗   ██║    ╚████╔╝ ██║██║ ╚═╝ ██║
                      ╚══════╝╚═╝  ╚═╝╚══════╝   ╚═╝     ╚═══╝  ╚═╝╚═╝     ╚═╝



                       Find File                                      <leader>ff

                       New File                                            :enew

                       Find Text                                      <leader>sg

                       Recent Files                                   <leader>fr

                       Config                                         <leader>fc

                       Restore Session                                <leader>qs

                       What can this editor do                         <leader>?


