                                        │          ███████╗██║  ██║███████╗   ██║    ╚████╔╝ ██║██║
                                        │          ╚══════╝╚═╝  ╚═╝╚══════╝   ╚═╝     ╚═══╝  ╚═╝╚═╝
                                        │
                                        │
                                        │
────────────────────────────────────────┤   Find File                                      <leader>f
                                        │
                                        │   New File                                            :ene
                                        │
                                        │   Find Text                                      <leader>s
                                        │
────────────────────────────────────────┤   Recent Files                                   <leader>f
                                        ├─────────────────────────────┬─────────────────────────────
                                        │                     │
                                        │    dap>                     │
                                        │                             │
                                        │                             │
────────────────────────────────────────┤                             │
    No Expressions                      │                             │
    >                                   │                             │
                                        │                             │
                                        │                             │
                                        │                             │

