         ╭──────────────────────────────────── Files ─────────────────────────────────────╮
         │ lib                                                                      1/11 │
         │────────────────────────────────────────────────────────────────────────────────│
         │ 󰢱 lib.lua                                                                      │
         │                                                                                │
         │                                                                                │
         │                                                                                │
         │                                                                                │
         │                                                                                │
         │                                                                                │
         │                                                                                │
         │                                                                                │
         │                                                                                │
         │                                                                                │
         │                                                                                │
         │──────────────────────────────────── lib.lua ───────────────────────────────────│
         │   1   -- NOTE: used by the harness to show LSP features                        │
         │   2   local M = {}                                                             │
         │   3                                                                            │
         │   4   --- Add two numbers together.                                            │
         │   5   ---@param a number                                                       │
         │   6   ---@param b number                                                       │
         │   7   ---@return number                                                        │
 INSERT ╰   8   function M.add(a, b)                                                     ╯  HH:MM
