     󰌠 ap╭─ Pinned files PROJECT ─╮
  1   # F│                                                                           3/TOTAL │
  1      │────────────────────────────────────────────────────────────────────────────────│
  2   Sam│ <leader>1  app.py                                                              │
         │ <leader>2  lib.lua                                                             │
         │ <leader>3  README.md                                                           │
         │                                                                                │
         │                                                                                │
         │                                                                                │
         │                                                                                │
         │                                                                                │
         │                                                                                │
         │                                                                                │
         │                                                                                │
         │                                                                                │
         │───────────────────────────────────── app.py ───────────────────────────────────│
         │   1   """Sample module for the feature tour."""                                │
         │   2                                                                            │
         │   3                                                                            │
         │   4   def greet(name: str) -> str:                                             │
         │   5   │   # TODO: support localisation                                         │
         │   6   │   return f"hello {name}"                                               │
         │   7                                                                            │
 INSERT ╰ 8 ╯  HH:MM
