     󰌠 ap╭───────────────────────────────── Yank History ─────────────────────────────────╮
  1   # F│                                                                           3/TOTAL │
  1      │────────────────────────────────────────────────────────────────────────────────│
  2   Sam│ 1 # Fixture repo                                                               │
         │ 2 -- NOTE: used by the harness to show LSP features                            │
         │ 3 """Sample module for the feature tour."""                                    │
         │                                                                                │
         │                                                                                │
         │                                                                                │
         │                                                                                │
         │                                                                                │
         │                                                                                │
         │                                                                                │
         │                                                                                │
         │                                                                                │
         │────────────────────────────── linewise (markdown) ─────────────────────────────│
         │  1   # Fixture repo                                                            │
         │  2                                                                             │
         │                                                                                │
         │                                                                                │
         │                                                                                │
         │                                                                                │
         │                                                                                │
 INSERT ╰ ╯  HH:MM
